#-----------------------------------------------------------
# Vivado v2023.1 (64-bit)
# SW Build 3865809 on Sun May  7 15:05:29 MDT 2023
# IP Build 3864474 on Sun May  7 20:36:21 MDT 2023
# SharedData Build 3865790 on Sun May 07 13:33:03 MDT 2023
# Start of session at: Tue Feb 20 03:04:09 2024
# Process ID: 680
# Current directory: D:/Sistemas-Digitais/Trabalho-2/PCPO/mult_matriz
# Command line: vivado.exe -gui_launcher_event rodinguilauncherevent1696 D:\Sistemas-Digitais\Trabalho-2\PCPO\mult_matriz\mult_matriz.xpr
# Log file: D:/Sistemas-Digitais/Trabalho-2/PCPO/mult_matriz/vivado.log
# Journal file: D:/Sistemas-Digitais/Trabalho-2/PCPO/mult_matriz\vivado.jou
# Running On: DESKTOP-LIT4FMJ, OS: Windows, CPU Frequency: 2904 MHz, CPU Physical cores: 6, Host memory: 17110 MB
#-----------------------------------------------------------
start_gui
open_project D:/Sistemas-Digitais/Trabalho-2/PCPO/mult_matriz/mult_matriz.xpr
upgrade_project -migrate_output_products
update_compile_order -fileset sources_1
set_property SOURCE_SET sources_1 [get_filesets sim_1]
close [ open D:/Sistemas-Digitais/Trabalho-2/PCPO/mult_matriz/mult_matriz.srcs/sim_1/new/sim.vhd w ]
add_files -fileset sim_1 D:/Sistemas-Digitais/Trabalho-2/PCPO/mult_matriz/mult_matriz.srcs/sim_1/new/sim.vhd
update_compile_order -fileset sim_1
update_compile_order -fileset sim_1
