#-----------------------------------------------------------
# Vivado v2023.1 (64-bit)
# SW Build 3865809 on Sun May  7 15:05:29 MDT 2023
# IP Build 3864474 on Sun May  7 20:36:21 MDT 2023
# SharedData Build 3865790 on Sun May 07 13:33:03 MDT 2023
# Start of session at: Mon Feb 19 23:31:11 2024
# Process ID: 8800
# Current directory: D:/Sistemas-Digitais/Trabalho-2/hls/solution_area/solution_area.runs/blk_mem_gen_0_synth_1
# Command line: vivado.exe -log blk_mem_gen_0.vds -product Vivado -mode batch -messageDb vivado.pb -notrace -source blk_mem_gen_0.tcl
# Log file: D:/Sistemas-Digitais/Trabalho-2/hls/solution_area/solution_area.runs/blk_mem_gen_0_synth_1/blk_mem_gen_0.vds
# Journal file: D:/Sistemas-Digitais/Trabalho-2/hls/solution_area/solution_area.runs/blk_mem_gen_0_synth_1\vivado.jou
# Running On: DESKTOP-LIT4FMJ, OS: Windows, CPU Frequency: 2904 MHz, CPU Physical cores: 6, Host memory: 17110 MB
#-----------------------------------------------------------
source blk_mem_gen_0.tcl -notrace
