#-----------------------------------------------------------
# Vivado v2023.1 (64-bit)
# SW Build 3865809 on Sun May  7 15:05:29 MDT 2023
# IP Build 3864474 on Sun May  7 20:36:21 MDT 2023
# SharedData Build 3865790 on Sun May 07 13:33:03 MDT 2023
# Start of session at: Tue Feb 20 00:19:08 2024
# Process ID: 20916
# Current directory: D:/Sistemas-Digitais/Trabalho-2/hls/solution_perfomance/solution_perfomance.runs/synth_1
# Command line: vivado.exe -log solution_perfomance.vds -product Vivado -mode batch -messageDb vivado.pb -notrace -source solution_perfomance.tcl
# Log file: D:/Sistemas-Digitais/Trabalho-2/hls/solution_perfomance/solution_perfomance.runs/synth_1/solution_perfomance.vds
# Journal file: D:/Sistemas-Digitais/Trabalho-2/hls/solution_perfomance/solution_perfomance.runs/synth_1\vivado.jou
# Running On: DESKTOP-LIT4FMJ, OS: Windows, CPU Frequency: 2904 MHz, CPU Physical cores: 6, Host memory: 17110 MB
#-----------------------------------------------------------
source solution_perfomance.tcl -notrace
